{
  "query": {
    "filtered": {
      "query": {
        "query_string": {
          "query": "scorching",
          "default_operator": "AND"
        }
      },
      "filter": {
        "bool": {
          "must": [
            {
              "term": {
                "restricted": false
              }
            }
          ]
        }
      }
    }
  },
  "size": 10,
  "from": 0
}