{
  "query": {
    "filtered": {
      "query": {
        "query_string": {
          "query": "scorching"
        }
      },
      "filter": {
        "bool": {
          "must": [

          ]
        }
      }
    }
  },
  "size": 10,
  "from": 0
}