{
  "from": 0,
  "size": 10,
  "query": {
    "bool": {
      "must": [
        {
          "term": {
            "klass_0_": "post"
          }
        },
        {
          "term": {
            "klass_1_": "card"
          }
        },
        {
          "term": {
            "label_0_": "hell"
          }
        },
        {
          "term": {
            "label_1_": "flames"
          }
        }
      ]
    }
  },
  "filter": {
    "and": [
      {
        "and": [
          {
            "term": {
              "restricted": false
            }
          }
        ]
      },
      {
        "missing": {
          "field": "label_2_"
        }
      }
    ]
  }
}