{
  "from": 0,
  "size": 10,
  "query": {
    "bool": {
      "must": [
        {
          "query_string": {
            "query": "scorching",
            "default_operator": "AND"
          }
        },
        {
          "term": {
            "klass_0_": "post"
          }
        },
        {
          "term": {
            "klass_1_": "card"
          }
        },
        {
          "term": {
            "label_0_": "hell"
          }
        },
        {
          "term": {
            "label_1_": "flames"
          }
        },
        {
          "term": {
            "oid_": "123"
          }
        }
      ]
    }
  },
  "filter": {
    "and": [
      {
        "and": [
          {
            "term": {
              "restricted": false
            }
          },
          {
            "or": [
              {
                "term": {
                  "published": true
                }
              },
              {
                "missing": {
                  "field": "published",
                  "existence": true,
                  "null_value": true
                }
              }
            ]
          },
          {
            "not": {
              "term": {
                "deleted": true
              }
            }
          }
        ]
      },
      {
        "missing": {
          "field": "label_2_"
        }
      }
    ]
  }
}
