{
  "from": 0,
  "size": 10,
  "query": {
    "bool": {
      "must": [
        {
          "term": {
            "klass_0_": "post"
          }
        },
        {
          "term": {
            "label_0_": "hell"
          }
        }
      ]
    }
  },
  "filter": {
    "and": [
      {
        "or": [
          {
            "term": {
              "klass_1_": "fork"
            }
          },
          {
            "term": {
              "klass_1_": "horn"
            }
          },
          {
            "term": {
              "label_1_": "flames"
            }
          },
          {
            "term": {
              "label_1_": "fire"
            }
          },
          {
            "term": {
              "label_1_": "torment"
            }
          }
        ]
      },
      {
        "and": [
          {
            "term": {
              "restricted": false
            }
          },
          {
            "not": {
              "term": {
                "deleted": true
              }
            }
          }
        ]
      }
    ]
  }
}