{
  "from": 0,
  "size": 10,
  "query": {
    "bool": {
      "must": [
        {
          "query_string": {
            "query": "torrid",
            "default_operator": "AND"
          }
        }
      ]
    }
  },
  "filter": {
    "and": [
      {
        "term": {
          "restricted": false
        }
      },
      {
        "or": [
          {
            "term": {
              "published": true
            }
          },
          {
            "missing": {
              "field": "published",
              "existence": true,
              "null_value": true
            }
          }
        ]
      },
      {
        "not": {
          "term": {
            "deleted": true
          }
        }
      }
    ]
  }
}
