{
  "from": 10,
  "size": 5,
  "query": {
    "bool": {
      "must": [
        {
          "query_string": {
            "query": "blazing",
            "default_operator": "AND"
          }
        }
      ]
    }
  },
  "filter": {
    "term": {
      "restricted": false
    }
  }
}