{
  "from": 0,
  "size": 10,
  "query": {
    "bool": {
      "must": [
        {
          "query_string": {
            "query": "burning",
            "default_operator": "AND"
          }
        },
        {
          "term": {
            "klass_0_": "post"
          }
        },
        {
          "term": {
            "klass_1_": "card"
          }
        },
        {
          "term": {
            "label_0_": "hell"
          }
        },
        {
          "term": {
            "label_1_": "flames"
          }
        }
      ]
    }
  },
  "filter": {
    "and": [
      {
        "term": {
          "restricted": false
        }
      },
      {
        "or": [
          {
            "term": {
              "published": true
            }
          },
          {
            "missing": {
              "field": "published",
              "existence": true,
              "null_value": true
            }
          }
        ]
      },
      {
        "or": [
          {
            "term": {
              "deleted": false
            }
          },
          {
            "missing": {
              "field": "deleted",
              "existence": true,
              "null_value": true
            }
          }
        ]
      }
    ]
  }
}
