{
  "from": 10,
  "size": 5,
  "query": {
    "bool": {
      "must": [
        {
          "query_string": {
            "query": "incandescent",
            "default_operator": "AND"
          }
        },
        {
          "term": {
            "klass_0_": "post"
          }
        },
        {
          "term": {
            "klass_1_": "card"
          }
        },
        {
          "term": {
            "label_0_": "hell"
          }
        },
        {
          "term": {
            "label_1_": "flames"
          }
        }
      ]
    }
  },
  "filter": {
    "and": [
      {
        "term": {
          "restricted": false
        }
      }
    ]
  }
}