{
  "query": {
    "filtered": {
      "query": {
        "match_all": {
        }
      },
      "filter": {
        "and": [
          {
            "term": {
              "klass_0_": "post"
            }
          },
          {
            "term": {
              "klass_1_": "card"
            }
          },
          {
            "term": {
              "label_0_": "hell"
            }
          },
          {
            "term": {
              "label_1_": "flames"
            }
          },
          {
            "term": {
              "restricted": false
            }
          }
        ]
      }
    }
  },
  "size": 10,
  "from": 0
}