{
  "from": 0,
  "size": 10,
  "query": {
    "bool": {
      "must": [
        {
          "query_string": {
            "query": "scorching",
            "default_operator": "AND"
          }
        },
        {
          "term": {
            "membership_expires_on": "2012-12-24"
          }
        },
        {
          "terms": {
            "provider": [
              "origo",
              "facebook"
            ]
          }
        }
      ]
    }
  },
  "filter": {
    "and": [
      {
        "and": [
          {
            "term": {
              "restricted": false
            }
          }
        ]
      },
      {
        "missing": {
          "field": "status",
          "existence": true,
          "null_value": true
        }
      }
    ]
  }
}