{
  "from": 0,
  "size": 10,
  "query": {
    "bool": {
      "must": [
        {
          "query_string": {
            "query": "scorching",
            "default_operator": "AND"
          }
        },
        {
          "range": {
            "membership_expires_on": {
              "lte": "2012-11-01",
              "gte": "2012-11-03"
            }
          }
        }
      ]
    }
  },
  "filter": {
    "term": {
      "restricted": false
    }
  }
}