{
  "from": 0,
  "size": 10,
  "query": {
    "bool": {
      "must": [
        {
          "query_string": {
            "query": "asdf",
            "default_operator": "AND"
          }
        }
      ]
    }
  },
  "filter": {
    "or": [
      {
        "and": [
          {
            "term": {
              "label_0_": "dna"
            }
          },
          {
            "term": {
              "label_1_": "org"
            }
          },
          {
            "term": {
              "label_2_": "vaffel"
            }
          },
          {
            "not": {
              "term": {
                "deleted": true
              }
            }
          }
        ]
      },
      {
        "and": [
          {
            "term": {
              "label_0_": "dna"
            }
          },
          {
            "term": {
              "label_1_": "org"
            }
          },
          {
            "term": {
              "label_2_": "pannekake"
            }
          },
          {
            "not": {
              "term": {
                "deleted": true
              }
            }
          }
        ]
      },
      {
        "and": [
          {
            "term": {
              "restricted": false
            }
          },
          {
            "not": {
              "term": {
                "deleted": true
              }
            }
          }
        ]
      }
    ]
  }
}