{
  "from": 0,
  "size": 10,
  "query": {
    "bool": {
      "must": [
        {
          "query_string": {
            "query": "scorching",
            "default_operator": "AND"
          }
        },
        {
          "term": {
            "label_0_": "dna"
          }
        },
        {
          "term": {
            "label_1_": "org"
          }
        }
      ]
    }
  },
  "filter": {
    "or": [
      {
        "and": [
          {
            "term": {
              "label_0_": "dna"
            }
          },
          {
            "term": {
              "label_1_": "org"
            }
          },
          {
            "term": {
              "label_2_": "vaffel"
            }
          }
        ]
      },
      {
        "term": {
          "restricted": false
        }
      }
    ]
  }
}